  Determining projects to restore...
  All projects are up-to-date for restore.
  TrispotQR.Core -> C:\Users\MarkLevy\OneDrive - Congregation Emanu-El\Documents\VSCode Projects\TrispotQR\src\TrispotQR.Core\bin\Debug\net10.0\TrispotQR.Core.dll
  TrispotQR.ViewModels -> C:\Users\MarkLevy\OneDrive - Congregation Emanu-El\Documents\VSCode Projects\TrispotQR\src\TrispotQR.ViewModels\bin\Debug\net10.0\TrispotQR.ViewModels.dll
  TrispotQR.Core.Tests -> C:\Users\MarkLevy\OneDrive - Congregation Emanu-El\Documents\VSCode Projects\TrispotQR\tests\TrispotQR.Core.Tests\bin\Debug\net10.0\TrispotQR.Core.Tests.dll
Test run for C:\Users\MarkLevy\OneDrive - Congregation Emanu-El\Documents\VSCode Projects\TrispotQR\tests\TrispotQR.Core.Tests\bin\Debug\net10.0\TrispotQR.Core.Tests.dll (.NETCoreApp,Version=v10.0)
  TrispotQR.App -> C:\Users\MarkLevy\OneDrive - Congregation Emanu-El\Documents\VSCode Projects\TrispotQR\src\TrispotQR.App\bin\Debug\net10.0-windows\TrispotQR.dll
A total of 1 test files matched the specified pattern.
  TrispotQR.Tests -> C:\Users\MarkLevy\OneDrive - Congregation Emanu-El\Documents\VSCode Projects\TrispotQR\tests\TrispotQR.Tests\bin\Debug\net10.0-windows\TrispotQR.Tests.dll
Test run for C:\Users\MarkLevy\OneDrive - Congregation Emanu-El\Documents\VSCode Projects\TrispotQR\tests\TrispotQR.Tests\bin\Debug\net10.0-windows\TrispotQR.Tests.dll (.NETCoreApp,Version=v10.0)
A total of 1 test files matched the specified pattern.

Passed!  - Failed:     0, Passed:   415, Skipped:     0, Total:   415, Duration: 3 s - TrispotQR.Core.Tests.dll (net10.0)

Passed!  - Failed:     0, Passed:   268, Skipped:     0, Total:   268, Duration: 10 s - TrispotQR.Tests.dll (net10.0)
